{"ts": "2026-08-19T11:42:16.949815+00:00", "level": "INFO", "phase": null, "message": "HTTP Request: HEAD https://huggingface.co/BAAI/bge-m3/resolve/main/modules.json \"HTTP/1.1 307 Temporary Redirect\""}
{"ts": "2026-08-19T11:42:16.966018+00:00", "level": "INFO", "phase": null, "message": "HTTP Request: HEAD https://huggingface.co/api/resolve-cache/models/BAAI/bge-m3/5617a9f61b028005a4858fdac845db406aefb181/modules.json \"HTTP/1.1 200 OK\""}
{"ts": "2026-08-19T11:42:17.096080+00:00", "level": "INFO", "phase": null, "message": "HTTP Request: HEAD https://huggingface.co/BAAI/bge-m3/resolve/main/config_sentence_transformers.json \"HTTP/1.1 307 Temporary Redirect\""}
{"ts": "2026-08-19T11:42:17.114840+00:00", "level": "INFO", "phase": null, "message": "HTTP Request: HEAD https://huggingface.co/api/resolve-cache/models/BAAI/bge-m3/5617a9f61b028005a4858fdac845db406aefb181/config_sentence_transformers.json \"HTTP/1.1 200 OK\""}
{"ts": "2026-08-19T11:42:17.242902+00:00", "level": "INFO", "phase": null, "message": "HTTP Request: HEAD https://huggingface.co/BAAI/bge-m3/resolve/main/config_sentence_transformers.json \"HTTP/1.1 307 Temporary Redirect\""}
{"ts": "2026-08-19T11:42:17.261712+00:00", "level": "INFO", "phase": null, "message": "HTTP Request: HEAD https://huggingface.co/api/resolve-cache/models/BAAI/bge-m3/5617a9f61b028005a4858fdac845db406aefb181/config_sentence_transformers.json \"HTTP/1.1 200 OK\""}
{"ts": "2026-08-19T11:42:17.391180+00:00", "level": "INFO", "phase": null, "message": "HTTP Request: HEAD https://huggingface.co/BAAI/bge-m3/resolve/main/README.md \"HTTP/1.1 307 Temporary Redirect\""}
{"ts": "2026-08-19T11:42:17.411342+00:00", "level": "INFO", "phase": null, "message": "HTTP Request: HEAD https://huggingface.co/api/resolve-cache/models/BAAI/bge-m3/5617a9f61b028005a4858fdac845db406aefb181/README.md \"HTTP/1.1 200 OK\""}
{"ts": "2026-08-19T11:42:17.544657+00:00", "level": "INFO", "phase": null, "message": "HTTP Request: HEAD https://huggingface.co/BAAI/bge-m3/resolve/main/modules.json \"HTTP/1.1 307 Temporary Redirect\""}
{"ts": "2026-08-19T11:42:17.561391+00:00", "level": "INFO", "phase": null, "message": "HTTP Request: HEAD https://huggingface.co/api/resolve-cache/models/BAAI/bge-m3/5617a9f61b028005a4858fdac845db406aefb181/modules.json \"HTTP/1.1 200 OK\""}
{"ts": "2026-08-19T11:42:17.688727+00:00", "level": "INFO", "phase": null, "message": "HTTP Request: HEAD https://huggingface.co/BAAI/bge-m3/resolve/main/sentence_bert_config.json \"HTTP/1.1 307 Temporary Redirect\""}
{"ts": "2026-08-19T11:42:17.706057+00:00", "level": "INFO", "phase": null, "message": "HTTP Request: HEAD https://huggingface.co/api/resolve-cache/models/BAAI/bge-m3/5617a9f61b028005a4858fdac845db406aefb181/sentence_bert_config.json \"HTTP/1.1 200 OK\""}
{"ts": "2026-08-19T11:42:17.837952+00:00", "level": "INFO", "phase": null, "message": "HTTP Request: HEAD https://huggingface.co/BAAI/bge-m3/resolve/main/adapter_config.json \"HTTP/1.1 404 Not Found\""}
{"ts": "2026-08-19T11:42:17.971531+00:00", "level": "INFO", "phase": null, "message": "HTTP Request: HEAD https://huggingface.co/BAAI/bge-m3/resolve/main/config.json \"HTTP/1.1 307 Temporary Redirect\""}
{"ts": "2026-08-19T11:42:17.987747+00:00", "level": "INFO", "phase": null, "message": "HTTP Request: HEAD https://huggingface.co/api/resolve-cache/models/BAAI/bge-m3/5617a9f61b028005a4858fdac845db406aefb181/config.json \"HTTP/1.1 200 OK\""}
{"ts": "2026-08-19T11:42:18.148076+00:00", "level": "INFO", "phase": null, "message": "HTTP Request: HEAD https://huggingface.co/BAAI/bge-m3/resolve/main/model.safetensors \"HTTP/1.1 404 Not Found\""}
{"ts": "2026-08-19T11:42:18.342650+00:00", "level": "INFO", "phase": null, "message": "HTTP Request: GET https://huggingface.co/api/models/BAAI/bge-m3 \"HTTP/1.1 200 OK\""}
{"ts": "2026-08-19T11:42:18.508114+00:00", "level": "INFO", "phase": null, "message": "HTTP Request: GET https://huggingface.co/api/models/BAAI/bge-m3/commits/main \"HTTP/1.1 200 OK\""}
{"ts": "2026-08-19T11:42:18.509156+00:00", "level": "INFO", "phase": null, "message": "HTTP Request: HEAD https://huggingface.co/BAAI/bge-m3/resolve/main/processor_config.json \"HTTP/1.1 404 Not Found\""}
{"ts": "2026-08-19T11:42:18.638053+00:00", "level": "INFO", "phase": null, "message": "HTTP Request: HEAD https://huggingface.co/BAAI/bge-m3/resolve/main/preprocessor_config.json \"HTTP/1.1 404 Not Found\""}
{"ts": "2026-08-19T11:42:18.661265+00:00", "level": "INFO", "phase": null, "message": "HTTP Request: GET https://huggingface.co/api/models/BAAI/bge-m3/discussions?p=0 \"HTTP/1.1 200 OK\""}
{"ts": "2026-08-19T11:42:18.770603+00:00", "level": "INFO", "phase": null, "message": "HTTP Request: HEAD https://huggingface.co/BAAI/bge-m3/resolve/main/video_preprocessor_config.json \"HTTP/1.1 404 Not Found\""}
{"ts": "2026-08-19T11:42:18.821090+00:00", "level": "INFO", "phase": null, "message": "HTTP Request: GET https://huggingface.co/api/models/BAAI/bge-m3/commits/refs%2Fpr%2F130 \"HTTP/1.1 200 OK\""}
{"ts": "2026-08-19T11:42:18.900368+00:00", "level": "INFO", "phase": null, "message": "HTTP Request: HEAD https://huggingface.co/BAAI/bge-m3/resolve/main/preprocessor_config.json \"HTTP/1.1 404 Not Found\""}
{"ts": "2026-08-19T11:42:18.955193+00:00", "level": "INFO", "phase": null, "message": "HTTP Request: HEAD https://huggingface.co/BAAI/bge-m3/resolve/refs%2Fpr%2F130/model.safetensors.index.json \"HTTP/1.1 404 Not Found\""}
{"ts": "2026-08-19T11:42:19.028898+00:00", "level": "INFO", "phase": null, "message": "HTTP Request: HEAD https://huggingface.co/BAAI/bge-m3/resolve/main/tokenizer_config.json \"HTTP/1.1 307 Temporary Redirect\""}
{"ts": "2026-08-19T11:42:19.045528+00:00", "level": "INFO", "phase": null, "message": "HTTP Request: HEAD https://huggingface.co/api/resolve-cache/models/BAAI/bge-m3/5617a9f61b028005a4858fdac845db406aefb181/tokenizer_config.json \"HTTP/1.1 200 OK\""}
{"ts": "2026-08-19T11:42:19.083923+00:00", "level": "INFO", "phase": null, "message": "HTTP Request: HEAD https://huggingface.co/BAAI/bge-m3/resolve/refs%2Fpr%2F130/model.safetensors \"HTTP/1.1 302 Found\""}
{"ts": "2026-08-19T11:42:19.169890+00:00", "level": "INFO", "phase": null, "message": "HTTP Request: HEAD https://huggingface.co/BAAI/bge-m3/resolve/main/config.json \"HTTP/1.1 307 Temporary Redirect\""}
{"ts": "2026-08-19T11:42:19.185855+00:00", "level": "INFO", "phase": null, "message": "HTTP Request: HEAD https://huggingface.co/api/resolve-cache/models/BAAI/bge-m3/5617a9f61b028005a4858fdac845db406aefb181/config.json \"HTTP/1.1 200 OK\""}
{"ts": "2026-08-19T11:42:19.315610+00:00", "level": "INFO", "phase": null, "message": "HTTP Request: HEAD https://huggingface.co/BAAI/bge-m3/resolve/main/config.json \"HTTP/1.1 307 Temporary Redirect\""}
{"ts": "2026-08-19T11:42:19.335250+00:00", "level": "INFO", "phase": null, "message": "HTTP Request: HEAD https://huggingface.co/api/resolve-cache/models/BAAI/bge-m3/5617a9f61b028005a4858fdac845db406aefb181/config.json \"HTTP/1.1 200 OK\""}
{"ts": "2026-08-19T11:42:19.554434+00:00", "level": "INFO", "phase": null, "message": "HTTP Request: HEAD https://huggingface.co/BAAI/bge-m3/resolve/main/tokenizer_config.json \"HTTP/1.1 307 Temporary Redirect\""}
{"ts": "2026-08-19T11:42:19.571292+00:00", "level": "INFO", "phase": null, "message": "HTTP Request: HEAD https://huggingface.co/api/resolve-cache/models/BAAI/bge-m3/5617a9f61b028005a4858fdac845db406aefb181/tokenizer_config.json \"HTTP/1.1 200 OK\""}
{"ts": "2026-08-19T11:42:19.709879+00:00", "level": "INFO", "phase": null, "message": "HTTP Request: GET https://huggingface.co/api/models/BAAI/bge-m3/tree/main/additional_chat_templates?recursive=false&expand=false \"HTTP/1.1 404 Not Found\""}
{"ts": "2026-08-19T11:42:19.901727+00:00", "level": "INFO", "phase": null, "message": "HTTP Request: GET https://huggingface.co/api/models/BAAI/bge-m3/tree/main?recursive=true&expand=false \"HTTP/1.1 200 OK\""}
{"ts": "2026-08-19T11:42:20.898691+00:00", "level": "INFO", "phase": null, "message": "HTTP Request: GET https://huggingface.co/api/models/BAAI/bge-m3 \"HTTP/1.1 200 OK\""}
{"ts": "2026-08-19T11:42:21.038911+00:00", "level": "INFO", "phase": null, "message": "HTTP Request: HEAD https://huggingface.co/BAAI/bge-m3/resolve/main/1_Pooling/config.json \"HTTP/1.1 307 Temporary Redirect\""}
{"ts": "2026-08-19T11:42:21.056126+00:00", "level": "INFO", "phase": null, "message": "HTTP Request: HEAD https://huggingface.co/api/resolve-cache/models/BAAI/bge-m3/5617a9f61b028005a4858fdac845db406aefb181/1_Pooling%2Fconfig.json \"HTTP/1.1 200 OK\""}
{"ts": "2026-08-19T11:42:21.194639+00:00", "level": "INFO", "phase": null, "message": "HTTP Request: GET https://huggingface.co/api/models/BAAI/bge-m3 \"HTTP/1.1 200 OK\""}
{"ts": "2026-08-19T11:42:54.798281+00:00", "level": "INFO", "phase": "index-build", "message": "text-chunks-filter-summary", "kept": 179, "errors": 0, "dropped_table_cell_shape": 205, "dropped_numeric_heavy": 646}
{"ts": "2026-08-19T11:42:58.119762+00:00", "level": "INFO", "phase": null, "message": "Parsing model identifier. Schema: None, Identifier: ViT-B-16-SigLIP"}
{"ts": "2026-08-19T11:42:58.119846+00:00", "level": "INFO", "phase": null, "message": "Loaded built-in ViT-B-16-SigLIP model config."}
{"ts": "2026-08-19T11:42:58.302160+00:00", "level": "INFO", "phase": null, "message": "HTTP Request: HEAD https://huggingface.co/timm/ViT-B-16-SigLIP/resolve/main/open_clip_model.safetensors \"HTTP/1.1 302 Found\""}
{"ts": "2026-08-19T11:42:58.306361+00:00", "level": "INFO", "phase": null, "message": "Instantiating model architecture: CustomTextCLIP"}
{"ts": "2026-08-19T11:43:00.452514+00:00", "level": "INFO", "phase": null, "message": "Loading full pretrained weights from: /Users/alberto/.cache/huggingface/hub/models--timm--ViT-B-16-SigLIP/snapshots/41f575766f40e752fdd1383e9565b7f02388c1c4/open_clip_model.safetensors"}
{"ts": "2026-08-19T11:43:01.296659+00:00", "level": "INFO", "phase": null, "message": "Final image preprocessing configuration set: {'size': (224, 224), 'mode': 'RGB', 'mean': (0.5, 0.5, 0.5), 'std': (0.5, 0.5, 0.5), 'interpolation': 'bicubic', 'resize_mode': 'squash', 'fill_color': 0}"}
{"ts": "2026-08-19T11:43:01.296711+00:00", "level": "INFO", "phase": null, "message": "Model ViT-B-16-SigLIP creation process complete."}
{"ts": "2026-08-19T11:43:02.544579+00:00", "level": "INFO", "phase": "index-build", "message": "index-build-complete", "layer_index": 4, "text_chunks": 179, "captions": 44, "images": 44, "id_search": 44, "errors": 0}
{"ts": "2026-08-19T11:43:02.545870+00:00", "level": "INFO", "phase": "build-index", "message": "run-complete", "log_path": "/Users/alberto/Documents/sampled/logs/build-index.log"}
